******************************************************************************
                  TI ARM Linker PC v18.12.4                    
******************************************************************************
>> Linked Fri Feb 26 16:10:28 2021

OUTPUT FILE NAME:   <TIVA_TIMMER_INTERRUPT.out>
ENTRY POINT SYMBOL: "_c_int00_noargs"  address: 000009bd


MEMORY CONFIGURATION

         name            origin    length      used     unused   attr    fill
----------------------  --------  ---------  --------  --------  ----  --------
  FLASH                 00000000   00040000  00000c1a  0003f3e6  R  X
  SRAM                  20000000   00008000  00000484  00007b7c  RW X


SEGMENT ALLOCATION MAP

run origin  load origin   length   init length attrs members
----------  ----------- ---------- ----------- ----- -------
00000000    00000000    00000c20   00000c20    r-x
  00000000    00000000    0000026c   0000026c    r-- .intvecs
  0000026c    0000026c    0000085e   0000085e    r-x .text
  00000acc    00000acc    00000110   00000110    r-- .const
  00000be0    00000be0    00000040   00000040    r-- .cinit
20000000    20000000    00000488   00000000    rw-
  20000000    20000000    0000026c   00000000    rw- .vtable
  20000270    20000270    00000200   00000000    rw- .stack
  20000470    20000470    00000010   00000000    rw- .data
  20000480    20000480    00000008   00000000    rw- .bss


SECTION ALLOCATION MAP

 output                                  attributes/
section   page    origin      length       input sections
--------  ----  ----------  ----------   ----------------
.intvecs   0    00000000    0000026c     
                  00000000    0000026c     tm4c123gh6pm_startup_ccs.obj (.intvecs)

.text      0    0000026c    0000085e     
                  0000026c    00000278     main.obj (.text)
                  000004e4    00000130     driverlib.lib : gpio.obj (.text:GPIOPadConfigSet)
                  00000614    000000f0                   : sysctl.obj (.text:SysCtlClockSet)
                  00000704    0000009c     rtsv7M4_T_le_v4SPD16_eabi.lib : memcpy_t2.asm.obj (.text)
                  000007a0    00000068                                   : copy_decompress_lzss.c.obj (.text:decompress:lzss:__TI_decompress_lzss)
                  00000808    00000060     driverlib.lib : interrupt.obj (.text:IntEnable)
                  00000868    0000005c                   : timer.obj (.text:TimerConfigure)
                  000008c4    0000004c                   : timer.obj (.text:_TimerIntNumberGet)
                  00000910    00000044     rtsv7M4_T_le_v4SPD16_eabi.lib : autoinit.c.obj (.text:__TI_auto_init_nobinit_nopinit:__TI_auto_init_nobinit_nopinit)
                  00000954    00000034     driverlib.lib : interrupt.obj (.text:IntRegister)
                  00000988    00000034                   : sysctl.obj (.text:SysCtlPeripheralEnable)
                  000009bc    00000034     rtsv7M4_T_le_v4SPD16_eabi.lib : boot_cortex_m.c.obj (.text:_c_int00_noargs:_c_int00_noargs)
                  000009f0    0000002a     driverlib.lib : gpio.obj (.text:GPIODirModeSet)
                  00000a1a    0000001c     rtsv7M4_T_le_v4SPD16_eabi.lib : copy_zero_init.c.obj (.text:decompress:ZI:__TI_zero_init_nomemset:__TI_zero_init_nomemset)
                  00000a36    00000018     driverlib.lib : gpio.obj (.text:GPIOPinTypeGPIOOutput)
                  00000a4e    00000018                   : timer.obj (.text:TimerIntRegister)
                  00000a66    00000012                   : timer.obj (.text:TimerLoadSet)
                  00000a78    0000000e                   : timer.obj (.text:TimerEnable)
                  00000a86    0000000e     rtsv7M4_T_le_v4SPD16_eabi.lib : copy_decompress_none.c.obj (.text:decompress:none:__TI_decompress_none)
                  00000a94    0000000c     tm4c123gh6pm_startup_ccs.obj (.text)
                  00000aa0    0000000a     driverlib.lib : timer.obj (.text:TimerIntStatus)
                  00000aaa    00000008                   : timer.obj (.text:TimerIntEnable)
                  00000ab2    00000006                   : gpio.obj (.text:GPIOPinWrite)
                  00000ab8    00000006                   : sysctl.obj (.text:SysCtlDelay)
                  00000abe    00000004                   : timer.obj (.text:TimerIntClear)
                  00000ac2    00000004     rtsv7M4_T_le_v4SPD16_eabi.lib : pre_init.c.obj (.text:_system_pre_init)
                  00000ac6    00000004                                   : exit.c.obj (.text:abort:abort)

.const     0    00000acc    00000110     
                  00000acc    00000070     driverlib.lib : interrupt.obj (.const)
                  00000b3c    00000060                   : timer.obj (.const:g_ppui32TimerIntMap)
                  00000b9c    00000040                   : timer.obj (.const:g_ppui32TimerIntMapSnowflake)

.cinit     0    00000be0    00000040     
                  00000be0    0000000c     (__TI_handler_table)
                  00000bec    00000004     --HOLE-- [fill = 0]
                  00000bf0    00000008     (.cinit..bss.load) [load image, compression = zero_init]
                  00000bf8    00000008     (.cinit..vtable.load) [load image, compression = zero_init]
                  00000c00    00000007     (.cinit..data.load) [load image, compression = lzss]
                  00000c07    00000001     --HOLE-- [fill = 0]
                  00000c08    00000018     (__TI_cinit_table)

.init_array 
*          0    00000000    00000000     UNINITIALIZED

.vtable    0    20000000    0000026c     UNINITIALIZED
                  20000000    0000026c     driverlib.lib : interrupt.obj (.vtable)

.data      0    20000470    00000010     UNINITIALIZED
                  20000470    00000010     main.obj (.data)

.bss       0    20000480    00000008     UNINITIALIZED
                  20000480    00000004     (.common:beginTime)
                  20000484    00000004     (.common:timeOut)

.stack     0    20000270    00000200     UNINITIALIZED
                  20000270    00000004     rtsv7M4_T_le_v4SPD16_eabi.lib : boot_cortex_m.c.obj (.stack)
                  20000274    000001fc     --HOLE--

MODULE SUMMARY

       Module                         code   ro data   rw data
       ------                         ----   -------   -------
    .\
       main.obj                       632    0         24     
       tm4c123gh6pm_startup_ccs.obj   12     620       0      
    +--+------------------------------+------+---------+---------+
       Total:                         644    620       24     
                                                              
    C:/ti/TivaWare_C_Series-2.1.0.12573-master/driverlib/ccs/Debug/driverlib.lib
       interrupt.obj                  148    112       620    
       timer.obj                      246    160       0      
       gpio.obj                       376    0         0      
       sysctl.obj                     298    0         0      
    +--+------------------------------+------+---------+---------+
       Total:                         1068   272       620    
                                                              
    C:\ti\ccs930\ccs\tools\compiler\ti-cgt-arm_18.12.4.LTS\lib\rtsv7M4_T_le_v4SPD16_eabi.lib
       memcpy_t2.asm.obj              156    0         0      
       copy_decompress_lzss.c.obj     104    0         0      
       autoinit.c.obj                 68     0         0      
       boot_cortex_m.c.obj            52     0         0      
       copy_zero_init.c.obj           28     0         0      
       copy_decompress_none.c.obj     14     0         0      
       exit.c.obj                     4      0         0      
       pre_init.c.obj                 4      0         0      
    +--+------------------------------+------+---------+---------+
       Total:                         430    0         0      
                                                              
       Stack:                         0      0         512    
       Linker Generated:              0      59        0      
    +--+------------------------------+------+---------+---------+
       Grand Total:                   2142   951       1156   


LINKER GENERATED COPY TABLES

__TI_cinit_table @ 00000c08 records: 3, size/record: 8, table size: 24
	.bss: load addr=00000bf0, load size=00000008 bytes, run addr=20000480, run size=00000008 bytes, compression=zero_init
	.vtable: load addr=00000bf8, load size=00000008 bytes, run addr=20000000, run size=0000026c bytes, compression=zero_init
	.data: load addr=00000c00, load size=00000007 bytes, run addr=20000470, run size=00000010 bytes, compression=lzss


LINKER GENERATED HANDLER TABLE

__TI_handler_table @ 00000be0 records: 3, size/record: 4, table size: 12
	index: 0, handler: __TI_zero_init
	index: 1, handler: __TI_decompress_lzss
	index: 2, handler: __TI_decompress_none


GLOBAL SYMBOLS: SORTED ALPHABETICALLY BY Name 

address   name                          
-------   ----                          
00000ac7  C$$EXIT                       
0000035b  Duties2Do                     
000002c3  Functions2Do                  
0000030f  Functions2shut                
000009f1  GPIODirModeSet                
000004e5  GPIOPadConfigSet              
00000a37  GPIOPinTypeGPIOOutput         
00000ab3  GPIOPinWrite                  
00000809  IntEnable                     
00000955  IntRegister                   
00000a95  ResetISR                      
00000615  SysCtlClockSet                
00000ab9  SysCtlDelay                   
00000989  SysCtlPeripheralEnable        
0000026d  SysTickInt                    
0000041f  TimerBegin                    
00000869  TimerConfigure                
00000a79  TimerEnable                   
00000abf  TimerIntClear                 
00000aab  TimerIntEnable                
00000a4f  TimerIntRegister              
00000aa1  TimerIntStatus                
00000a67  TimerLoadSet                  
0000045d  Wait                          
20000470  __STACK_END                   
00000200  __STACK_SIZE                  
20000470  __STACK_TOP                   
00000c08  __TI_CINIT_Base               
00000c20  __TI_CINIT_Limit              
00000be0  __TI_Handler_Table_Base       
00000bec  __TI_Handler_Table_Limit      
00000911  __TI_auto_init_nobinit_nopinit
000007a1  __TI_decompress_lzss          
00000a87  __TI_decompress_none          
ffffffff  __TI_pprof_out_hndl           
ffffffff  __TI_prof_data_size           
ffffffff  __TI_prof_data_start          
00000000  __TI_static_base__            
00000a1b  __TI_zero_init_nomemset       
00000705  __aeabi_memcpy                
00000705  __aeabi_memcpy4               
00000705  __aeabi_memcpy8               
ffffffff  __binit__                     
ffffffff  __c_args__                    
UNDEFED   __mpu_init                    
20000270  __stack                       
000009bd  _c_int00_noargs               
UNDEFED   _system_post_cinit            
00000ac3  _system_pre_init              
00000ac7  abort                         
20000480  beginTime                     
ffffffff  binit                         
2000047e  currentStep                   
2000047d  failStep                      
20000478  functiontodo                  
20000000  g_pfnRAMVectors               
00000000  g_pfnVectors                  
0000047b  main                          
00000705  memcpy                        
20000470  millis                        
0000028f  setStep                       
20000474  step                          
2000047c  subStep                       
2000047f  successStep                   
20000484  timeOut                       


GLOBAL SYMBOLS: SORTED BY Symbol Address 

address   name                          
-------   ----                          
00000000  __TI_static_base__            
00000000  g_pfnVectors                  
00000200  __STACK_SIZE                  
0000026d  SysTickInt                    
0000028f  setStep                       
000002c3  Functions2Do                  
0000030f  Functions2shut                
0000035b  Duties2Do                     
0000041f  TimerBegin                    
0000045d  Wait                          
0000047b  main                          
000004e5  GPIOPadConfigSet              
00000615  SysCtlClockSet                
00000705  __aeabi_memcpy                
00000705  __aeabi_memcpy4               
00000705  __aeabi_memcpy8               
00000705  memcpy                        
000007a1  __TI_decompress_lzss          
00000809  IntEnable                     
00000869  TimerConfigure                
00000911  __TI_auto_init_nobinit_nopinit
00000955  IntRegister                   
00000989  SysCtlPeripheralEnable        
000009bd  _c_int00_noargs               
000009f1  GPIODirModeSet                
00000a1b  __TI_zero_init_nomemset       
00000a37  GPIOPinTypeGPIOOutput         
00000a4f  TimerIntRegister              
00000a67  TimerLoadSet                  
00000a79  TimerEnable                   
00000a87  __TI_decompress_none          
00000a95  ResetISR                      
00000aa1  TimerIntStatus                
00000aab  TimerIntEnable                
00000ab3  GPIOPinWrite                  
00000ab9  SysCtlDelay                   
00000abf  TimerIntClear                 
00000ac3  _system_pre_init              
00000ac7  C$$EXIT                       
00000ac7  abort                         
00000be0  __TI_Handler_Table_Base       
00000bec  __TI_Handler_Table_Limit      
00000c08  __TI_CINIT_Base               
00000c20  __TI_CINIT_Limit              
20000000  g_pfnRAMVectors               
20000270  __stack                       
20000470  __STACK_END                   
20000470  __STACK_TOP                   
20000470  millis                        
20000474  step                          
20000478  functiontodo                  
2000047c  subStep                       
2000047d  failStep                      
2000047e  currentStep                   
2000047f  successStep                   
20000480  beginTime                     
20000484  timeOut                       
ffffffff  __TI_pprof_out_hndl           
ffffffff  __TI_prof_data_size           
ffffffff  __TI_prof_data_start          
ffffffff  __binit__                     
ffffffff  __c_args__                    
ffffffff  binit                         
UNDEFED   __mpu_init                    
UNDEFED   _system_post_cinit            

[65 symbols]
